Copyright 1986-2022 Xilinx, Inc. All Rights Reserved. Copyright 2022-2025 Advanced Micro Devices, Inc. All Rights Reserved.
---------------------------------------------------------------------------------------------------------------------------------------------------------------------------------------------------------------------------------------------------------------------------------------
| Tool Version : Vivado v.2025.1 (lin64) Build 6140274 Wed May 21 22:58:25 MDT 2025
| Date         : Thu Sep 10 12:57:40 2026
| Host         : k01-dt-0008.ad.oko.camera running 64-bit Ubuntu 24.04.4 LTS
| Command      : report_timing_summary -max_paths 10 -routable_nets -report_unconstrained -file lock_controller_debounced_timing_summary_routed.rpt -pb lock_controller_debounced_timing_summary_routed.pb -rpx lock_controller_debounced_timing_summary_routed.rpx -warn_on_violation
| Design       : lock_controller_debounced
| Device       : 7a100t-csg324
| Speed File   : -1  PRODUCTION 1.23 2018-06-13
| Design State : Routed
---------------------------------------------------------------------------------------------------------------------------------------------------------------------------------------------------------------------------------------------------------------------------------------

Timing Summary Report

------------------------------------------------------------------------------------------------
| Timer Settings
| --------------
------------------------------------------------------------------------------------------------

  Enable Multi Corner Analysis               :  Yes
  Enable Pessimism Removal                   :  Yes
  Pessimism Removal Resolution               :  Nearest Common Node
  Enable Input Delay Default Clock           :  No
  Enable Preset / Clear Arcs                 :  No
  Disable Flight Delays                      :  No
  Ignore I/O Paths                           :  No
  Timing Early Launch at Borrowing Latches   :  No
  Borrow Time for Max Delay Exceptions       :  Yes
  Merge Timing Exceptions                    :  Yes
  Inter-SLR Compensation                     :  Conservative

  Corner  Analyze    Analyze    
  Name    Max Paths  Min Paths  
  ------  ---------  ---------  
  Slow    Yes        Yes        
  Fast    Yes        Yes        


------------------------------------------------------------------------------------------------
| Report Methodology
| ------------------
------------------------------------------------------------------------------------------------

Rule       Severity          Description                  Violations  
---------  ----------------  ---------------------------  ----------  
TIMING-17  Critical Warning  Non-clocked sequential cell  24          

Note: This report is based on the most recent report_methodology run and may not be up-to-date. Run report_methodology on the current design for the latest report.



check_timing report

Table of Contents
-----------------
1. checking no_clock (24)
2. checking constant_clock (0)
3. checking pulse_width_clock (0)
4. checking unconstrained_internal_endpoints (48)
5. checking no_input_delay (5)
6. checking no_output_delay (1)
7. checking multiple_clock (0)
8. checking generated_clocks (0)
9. checking loops (0)
10. checking partial_input_delay (0)
11. checking partial_output_delay (0)
12. checking latch_loops (0)

1. checking no_clock (24)
-------------------------
 There are 24 register/latch pins with no clock driven by root clock pin: clk (HIGH)


2. checking constant_clock (0)
------------------------------
 There are 0 register/latch pins with constant_clock.


3. checking pulse_width_clock (0)
---------------------------------
 There are 0 register/latch pins which need pulse_width check


4. checking unconstrained_internal_endpoints (48)
-------------------------------------------------
 There are 48 pins that are not constrained for maximum delay. (HIGH)

 There are 0 pins that are not constrained for maximum delay due to constant clock.


5. checking no_input_delay (5)
------------------------------
 There are 5 input ports with no input delay specified. (HIGH)

 There are 0 input ports with no input delay but user has a false path constraint.


6. checking no_output_delay (1)
-------------------------------
 There is 1 port with no output delay specified. (HIGH)

 There are 0 ports with no output delay but user has a false path constraint

 There are 0 ports with no output delay but with a timing clock defined on it or propagating through it


7. checking multiple_clock (0)
------------------------------
 There are 0 register/latch pins with multiple clocks.


8. checking generated_clocks (0)
--------------------------------
 There are 0 generated clocks that are not connected to a clock source.


9. checking loops (0)
---------------------
 There are 0 combinational loops in the design.


10. checking partial_input_delay (0)
------------------------------------
 There are 0 input ports with partial input delay specified.


11. checking partial_output_delay (0)
-------------------------------------
 There are 0 ports with partial output delay specified.


12. checking latch_loops (0)
----------------------------
 There are 0 combinational latch loops in the design through latch input



------------------------------------------------------------------------------------------------
| Design Timing Summary
| ---------------------
------------------------------------------------------------------------------------------------

    WNS(ns)      TNS(ns)  TNS Failing Endpoints  TNS Total Endpoints      WHS(ns)      THS(ns)  THS Failing Endpoints  THS Total Endpoints     WPWS(ns)     TPWS(ns)  TPWS Failing Endpoints  TPWS Total Endpoints  
    -------      -------  ---------------------  -------------------      -------      -------  ---------------------  -------------------     --------     --------  ----------------------  --------------------  
        inf        0.000                      0                   49          inf        0.000                      0                   49           NA           NA                      NA                    NA  


There are no user specified timing constraints.


------------------------------------------------------------------------------------------------
| Clock Summary
| -------------
------------------------------------------------------------------------------------------------


------------------------------------------------------------------------------------------------
| Intra Clock Table
| -----------------
------------------------------------------------------------------------------------------------

Clock             WNS(ns)      TNS(ns)  TNS Failing Endpoints  TNS Total Endpoints      WHS(ns)      THS(ns)  THS Failing Endpoints  THS Total Endpoints     WPWS(ns)     TPWS(ns)  TPWS Failing Endpoints  TPWS Total Endpoints  
-----             -------      -------  ---------------------  -------------------      -------      -------  ---------------------  -------------------     --------     --------  ----------------------  --------------------  


------------------------------------------------------------------------------------------------
| Inter Clock Table
| -----------------
------------------------------------------------------------------------------------------------

From Clock    To Clock          WNS(ns)      TNS(ns)  TNS Failing Endpoints  TNS Total Endpoints      WHS(ns)      THS(ns)  THS Failing Endpoints  THS Total Endpoints  
----------    --------          -------      -------  ---------------------  -------------------      -------      -------  ---------------------  -------------------  


------------------------------------------------------------------------------------------------
| Other Path Groups Table
| -----------------------
------------------------------------------------------------------------------------------------

Path Group    From Clock    To Clock          WNS(ns)      TNS(ns)  TNS Failing Endpoints  TNS Total Endpoints      WHS(ns)      THS(ns)  THS Failing Endpoints  THS Total Endpoints  
----------    ----------    --------          -------      -------  ---------------------  -------------------      -------      -------  ---------------------  -------------------  


------------------------------------------------------------------------------------------------
| User Ignored Path Table
| -----------------------
------------------------------------------------------------------------------------------------

Path Group    From Clock    To Clock    
----------    ----------    --------    


------------------------------------------------------------------------------------------------
| Unconstrained Path Table
| ------------------------
------------------------------------------------------------------------------------------------

Path Group    From Clock    To Clock    
----------    ----------    --------    
(none)                                    


------------------------------------------------------------------------------------------------
| Timing Details
| --------------
------------------------------------------------------------------------------------------------


--------------------------------------------------------------------------------------
Path Group:  (none)
From Clock:  
  To Clock:  

Max Delay            49 Endpoints
Min Delay            49 Endpoints
--------------------------------------------------------------------------------------


Max Delay Paths
--------------------------------------------------------------------------------------
Slack:                    inf
  Source:                 lock_controller/FSM_sequential_state_reg[1]/C
                            (rising edge-triggered cell FDCE)
  Destination:            unlocked_led
                            (output port)
  Path Group:             (none)
  Path Type:              Max at Slow Process Corner
  Data Path Delay:        5.687ns  (logic 3.227ns (56.742%)  route 2.460ns (43.258%))
  Logic Levels:           3  (FDCE=1 LUT2=1 OBUF=1)

    Location             Delay type                Incr(ns)  Path(ns)    Netlist Resource(s)
  -------------------------------------------------------------------    -------------------
    SLICE_X1Y53          FDCE                         0.000     0.000 r  lock_controller/FSM_sequential_state_reg[1]/C
    SLICE_X1Y53          FDCE (Prop_fdce_C_Q)         0.456     0.456 r  lock_controller/FSM_sequential_state_reg[1]/Q
                         net (fo=3, routed)           0.645     1.101    lock_controller/Q[1]
    SLICE_X1Y53          LUT2 (Prop_lut2_I1_O)        0.124     1.225 r  lock_controller/unlocked_led_OBUF_inst_i_1/O
                         net (fo=1, routed)           1.815     3.040    unlocked_led_OBUF
    V14                  OBUF (Prop_obuf_I_O)         2.647     5.687 r  unlocked_led_OBUF_inst/O
                         net (fo=0)                   0.000     5.687    unlocked_led
    V14                                                               r  unlocked_led (OUT)
  -------------------------------------------------------------------    -------------------

Slack:                    inf
  Source:                 digit_in[2]
                            (input port)
  Destination:            lock_input_debouncer/counter_reg[16]/R
  Path Group:             (none)
  Path Type:              Max at Slow Process Corner
  Data Path Delay:        4.055ns  (logic 1.253ns (30.891%)  route 2.802ns (69.109%))
  Logic Levels:           3  (IBUF=1 LUT4=1 LUT5=1)

    Location             Delay type                Incr(ns)  Path(ns)    Netlist Resource(s)
  -------------------------------------------------------------------    -------------------
    T9                                                0.000     0.000 r  digit_in[2] (IN)
                         net (fo=0)                   0.000     0.000    digit_in[2]
    T9                   IBUF (Prop_ibuf_I_O)         1.005     1.005 r  digit_in_IBUF[2]_inst/O
                         net (fo=2, routed)           1.246     2.251    lock_input_debouncer/D[2]
    SLICE_X1Y52          LUT4 (Prop_lut4_I1_O)        0.124     2.375 f  lock_input_debouncer/digit_clean[3]_i_5/O
                         net (fo=2, routed)           0.676     3.051    lock_input_debouncer/digit_clean[3]_i_5_n_0
    SLICE_X1Y52          LUT5 (Prop_lut5_I3_O)        0.124     3.175 r  lock_input_debouncer/counter[0]_i_1/O
                         net (fo=18, routed)          0.880     4.055    lock_input_debouncer/counter[0]_i_1_n_0
    SLICE_X0Y55          FDRE                                         r  lock_input_debouncer/counter_reg[16]/R
  -------------------------------------------------------------------    -------------------

Slack:                    inf
  Source:                 digit_in[2]
                            (input port)
  Destination:            lock_input_debouncer/counter_reg[17]/R
  Path Group:             (none)
  Path Type:              Max at Slow Process Corner
  Data Path Delay:        4.055ns  (logic 1.253ns (30.891%)  route 2.802ns (69.109%))
  Logic Levels:           3  (IBUF=1 LUT4=1 LUT5=1)

    Location             Delay type                Incr(ns)  Path(ns)    Netlist Resource(s)
  -------------------------------------------------------------------    -------------------
    T9                                                0.000     0.000 r  digit_in[2] (IN)
                         net (fo=0)                   0.000     0.000    digit_in[2]
    T9                   IBUF (Prop_ibuf_I_O)         1.005     1.005 r  digit_in_IBUF[2]_inst/O
                         net (fo=2, routed)           1.246     2.251    lock_input_debouncer/D[2]
    SLICE_X1Y52          LUT4 (Prop_lut4_I1_O)        0.124     2.375 f  lock_input_debouncer/digit_clean[3]_i_5/O
                         net (fo=2, routed)           0.676     3.051    lock_input_debouncer/digit_clean[3]_i_5_n_0
    SLICE_X1Y52          LUT5 (Prop_lut5_I3_O)        0.124     3.175 r  lock_input_debouncer/counter[0]_i_1/O
                         net (fo=18, routed)          0.880     4.055    lock_input_debouncer/counter[0]_i_1_n_0
    SLICE_X0Y55          FDRE                                         r  lock_input_debouncer/counter_reg[17]/R
  -------------------------------------------------------------------    -------------------

Slack:                    inf
  Source:                 digit_in[2]
                            (input port)
  Destination:            lock_input_debouncer/digit_clean_reg[0]/CE
  Path Group:             (none)
  Path Type:              Max at Slow Process Corner
  Data Path Delay:        3.942ns  (logic 1.253ns (31.776%)  route 2.689ns (68.224%))
  Logic Levels:           3  (IBUF=1 LUT4=1 LUT5=1)

    Location             Delay type                Incr(ns)  Path(ns)    Netlist Resource(s)
  -------------------------------------------------------------------    -------------------
    T9                                                0.000     0.000 r  digit_in[2] (IN)
                         net (fo=0)                   0.000     0.000    digit_in[2]
    T9                   IBUF (Prop_ibuf_I_O)         1.005     1.005 r  digit_in_IBUF[2]_inst/O
                         net (fo=2, routed)           1.246     2.251    lock_input_debouncer/D[2]
    SLICE_X1Y52          LUT4 (Prop_lut4_I1_O)        0.124     2.375 r  lock_input_debouncer/digit_clean[3]_i_5/O
                         net (fo=2, routed)           0.678     3.053    lock_input_debouncer/digit_clean[3]_i_5_n_0
    SLICE_X1Y52          LUT5 (Prop_lut5_I3_O)        0.124     3.177 r  lock_input_debouncer/digit_clean[3]_i_1/O
                         net (fo=4, routed)           0.765     3.942    lock_input_debouncer/digit_clean[3]_i_1_n_0
    SLICE_X1Y52          FDRE                                         r  lock_input_debouncer/digit_clean_reg[0]/CE
  -------------------------------------------------------------------    -------------------

Slack:                    inf
  Source:                 digit_in[2]
                            (input port)
  Destination:            lock_input_debouncer/digit_clean_reg[1]/CE
  Path Group:             (none)
  Path Type:              Max at Slow Process Corner
  Data Path Delay:        3.942ns  (logic 1.253ns (31.776%)  route 2.689ns (68.224%))
  Logic Levels:           3  (IBUF=1 LUT4=1 LUT5=1)

    Location             Delay type                Incr(ns)  Path(ns)    Netlist Resource(s)
  -------------------------------------------------------------------    -------------------
    T9                                                0.000     0.000 r  digit_in[2] (IN)
                         net (fo=0)                   0.000     0.000    digit_in[2]
    T9                   IBUF (Prop_ibuf_I_O)         1.005     1.005 r  digit_in_IBUF[2]_inst/O
                         net (fo=2, routed)           1.246     2.251    lock_input_debouncer/D[2]
    SLICE_X1Y52          LUT4 (Prop_lut4_I1_O)        0.124     2.375 r  lock_input_debouncer/digit_clean[3]_i_5/O
                         net (fo=2, routed)           0.678     3.053    lock_input_debouncer/digit_clean[3]_i_5_n_0
    SLICE_X1Y52          LUT5 (Prop_lut5_I3_O)        0.124     3.177 r  lock_input_debouncer/digit_clean[3]_i_1/O
                         net (fo=4, routed)           0.765     3.942    lock_input_debouncer/digit_clean[3]_i_1_n_0
    SLICE_X1Y52          FDRE                                         r  lock_input_debouncer/digit_clean_reg[1]/CE
  -------------------------------------------------------------------    -------------------

Slack:                    inf
  Source:                 digit_in[2]
                            (input port)
  Destination:            lock_input_debouncer/digit_clean_reg[2]/CE
  Path Group:             (none)
  Path Type:              Max at Slow Process Corner
  Data Path Delay:        3.942ns  (logic 1.253ns (31.776%)  route 2.689ns (68.224%))
  Logic Levels:           3  (IBUF=1 LUT4=1 LUT5=1)

    Location             Delay type                Incr(ns)  Path(ns)    Netlist Resource(s)
  -------------------------------------------------------------------    -------------------
    T9                                                0.000     0.000 r  digit_in[2] (IN)
                         net (fo=0)                   0.000     0.000    digit_in[2]
    T9                   IBUF (Prop_ibuf_I_O)         1.005     1.005 r  digit_in_IBUF[2]_inst/O
                         net (fo=2, routed)           1.246     2.251    lock_input_debouncer/D[2]
    SLICE_X1Y52          LUT4 (Prop_lut4_I1_O)        0.124     2.375 r  lock_input_debouncer/digit_clean[3]_i_5/O
                         net (fo=2, routed)           0.678     3.053    lock_input_debouncer/digit_clean[3]_i_5_n_0
    SLICE_X1Y52          LUT5 (Prop_lut5_I3_O)        0.124     3.177 r  lock_input_debouncer/digit_clean[3]_i_1/O
                         net (fo=4, routed)           0.765     3.942    lock_input_debouncer/digit_clean[3]_i_1_n_0
    SLICE_X1Y52          FDRE                                         r  lock_input_debouncer/digit_clean_reg[2]/CE
  -------------------------------------------------------------------    -------------------

Slack:                    inf
  Source:                 digit_in[2]
                            (input port)
  Destination:            lock_input_debouncer/digit_clean_reg[3]/CE
  Path Group:             (none)
  Path Type:              Max at Slow Process Corner
  Data Path Delay:        3.942ns  (logic 1.253ns (31.776%)  route 2.689ns (68.224%))
  Logic Levels:           3  (IBUF=1 LUT4=1 LUT5=1)

    Location             Delay type                Incr(ns)  Path(ns)    Netlist Resource(s)
  -------------------------------------------------------------------    -------------------
    T9                                                0.000     0.000 r  digit_in[2] (IN)
                         net (fo=0)                   0.000     0.000    digit_in[2]
    T9                   IBUF (Prop_ibuf_I_O)         1.005     1.005 r  digit_in_IBUF[2]_inst/O
                         net (fo=2, routed)           1.246     2.251    lock_input_debouncer/D[2]
    SLICE_X1Y52          LUT4 (Prop_lut4_I1_O)        0.124     2.375 r  lock_input_debouncer/digit_clean[3]_i_5/O
                         net (fo=2, routed)           0.678     3.053    lock_input_debouncer/digit_clean[3]_i_5_n_0
    SLICE_X1Y52          LUT5 (Prop_lut5_I3_O)        0.124     3.177 r  lock_input_debouncer/digit_clean[3]_i_1/O
                         net (fo=4, routed)           0.765     3.942    lock_input_debouncer/digit_clean[3]_i_1_n_0
    SLICE_X1Y52          FDRE                                         r  lock_input_debouncer/digit_clean_reg[3]/CE
  -------------------------------------------------------------------    -------------------

Slack:                    inf
  Source:                 digit_in[2]
                            (input port)
  Destination:            lock_input_debouncer/counter_reg[12]/R
  Path Group:             (none)
  Path Type:              Max at Slow Process Corner
  Data Path Delay:        3.916ns  (logic 1.253ns (31.982%)  route 2.664ns (68.018%))
  Logic Levels:           3  (IBUF=1 LUT4=1 LUT5=1)

    Location             Delay type                Incr(ns)  Path(ns)    Netlist Resource(s)
  -------------------------------------------------------------------    -------------------
    T9                                                0.000     0.000 r  digit_in[2] (IN)
                         net (fo=0)                   0.000     0.000    digit_in[2]
    T9                   IBUF (Prop_ibuf_I_O)         1.005     1.005 r  digit_in_IBUF[2]_inst/O
                         net (fo=2, routed)           1.246     2.251    lock_input_debouncer/D[2]
    SLICE_X1Y52          LUT4 (Prop_lut4_I1_O)        0.124     2.375 f  lock_input_debouncer/digit_clean[3]_i_5/O
                         net (fo=2, routed)           0.676     3.051    lock_input_debouncer/digit_clean[3]_i_5_n_0
    SLICE_X1Y52          LUT5 (Prop_lut5_I3_O)        0.124     3.175 r  lock_input_debouncer/counter[0]_i_1/O
                         net (fo=18, routed)          0.742     3.916    lock_input_debouncer/counter[0]_i_1_n_0
    SLICE_X0Y54          FDRE                                         r  lock_input_debouncer/counter_reg[12]/R
  -------------------------------------------------------------------    -------------------

Slack:                    inf
  Source:                 digit_in[2]
                            (input port)
  Destination:            lock_input_debouncer/counter_reg[13]/R
  Path Group:             (none)
  Path Type:              Max at Slow Process Corner
  Data Path Delay:        3.916ns  (logic 1.253ns (31.982%)  route 2.664ns (68.018%))
  Logic Levels:           3  (IBUF=1 LUT4=1 LUT5=1)

    Location             Delay type                Incr(ns)  Path(ns)    Netlist Resource(s)
  -------------------------------------------------------------------    -------------------
    T9                                                0.000     0.000 r  digit_in[2] (IN)
                         net (fo=0)                   0.000     0.000    digit_in[2]
    T9                   IBUF (Prop_ibuf_I_O)         1.005     1.005 r  digit_in_IBUF[2]_inst/O
                         net (fo=2, routed)           1.246     2.251    lock_input_debouncer/D[2]
    SLICE_X1Y52          LUT4 (Prop_lut4_I1_O)        0.124     2.375 f  lock_input_debouncer/digit_clean[3]_i_5/O
                         net (fo=2, routed)           0.676     3.051    lock_input_debouncer/digit_clean[3]_i_5_n_0
    SLICE_X1Y52          LUT5 (Prop_lut5_I3_O)        0.124     3.175 r  lock_input_debouncer/counter[0]_i_1/O
                         net (fo=18, routed)          0.742     3.916    lock_input_debouncer/counter[0]_i_1_n_0
    SLICE_X0Y54          FDRE                                         r  lock_input_debouncer/counter_reg[13]/R
  -------------------------------------------------------------------    -------------------

Slack:                    inf
  Source:                 digit_in[2]
                            (input port)
  Destination:            lock_input_debouncer/counter_reg[14]/R
  Path Group:             (none)
  Path Type:              Max at Slow Process Corner
  Data Path Delay:        3.916ns  (logic 1.253ns (31.982%)  route 2.664ns (68.018%))
  Logic Levels:           3  (IBUF=1 LUT4=1 LUT5=1)

    Location             Delay type                Incr(ns)  Path(ns)    Netlist Resource(s)
  -------------------------------------------------------------------    -------------------
    T9                                                0.000     0.000 r  digit_in[2] (IN)
                         net (fo=0)                   0.000     0.000    digit_in[2]
    T9                   IBUF (Prop_ibuf_I_O)         1.005     1.005 r  digit_in_IBUF[2]_inst/O
                         net (fo=2, routed)           1.246     2.251    lock_input_debouncer/D[2]
    SLICE_X1Y52          LUT4 (Prop_lut4_I1_O)        0.124     2.375 f  lock_input_debouncer/digit_clean[3]_i_5/O
                         net (fo=2, routed)           0.676     3.051    lock_input_debouncer/digit_clean[3]_i_5_n_0
    SLICE_X1Y52          LUT5 (Prop_lut5_I3_O)        0.124     3.175 r  lock_input_debouncer/counter[0]_i_1/O
                         net (fo=18, routed)          0.742     3.916    lock_input_debouncer/counter[0]_i_1_n_0
    SLICE_X0Y54          FDRE                                         r  lock_input_debouncer/counter_reg[14]/R
  -------------------------------------------------------------------    -------------------





Min Delay Paths
--------------------------------------------------------------------------------------
Slack:                    inf
  Source:                 lock_controller/FSM_sequential_state_reg[0]/C
                            (rising edge-triggered cell FDCE)
  Destination:            lock_controller/FSM_sequential_state_reg[0]/D
  Path Group:             (none)
  Path Type:              Min at Fast Process Corner
  Data Path Delay:        0.311ns  (logic 0.186ns (59.747%)  route 0.125ns (40.253%))
  Logic Levels:           2  (FDCE=1 LUT6=1)

    Location             Delay type                Incr(ns)  Path(ns)    Netlist Resource(s)
  -------------------------------------------------------------------    -------------------
    SLICE_X1Y53          FDCE                         0.000     0.000 r  lock_controller/FSM_sequential_state_reg[0]/C
    SLICE_X1Y53          FDCE (Prop_fdce_C_Q)         0.141     0.141 r  lock_controller/FSM_sequential_state_reg[0]/Q
                         net (fo=3, routed)           0.125     0.266    lock_input_debouncer/Q[0]
    SLICE_X1Y53          LUT6 (Prop_lut6_I0_O)        0.045     0.311 r  lock_input_debouncer/FSM_sequential_state[0]_i_1/O
                         net (fo=1, routed)           0.000     0.311    lock_controller/D[0]
    SLICE_X1Y53          FDCE                                         r  lock_controller/FSM_sequential_state_reg[0]/D
  -------------------------------------------------------------------    -------------------

Slack:                    inf
  Source:                 lock_controller/FSM_sequential_state_reg[1]/C
                            (rising edge-triggered cell FDCE)
  Destination:            lock_controller/FSM_sequential_state_reg[1]/D
  Path Group:             (none)
  Path Type:              Min at Fast Process Corner
  Data Path Delay:        0.319ns  (logic 0.186ns (58.314%)  route 0.133ns (41.686%))
  Logic Levels:           2  (FDCE=1 LUT6=1)

    Location             Delay type                Incr(ns)  Path(ns)    Netlist Resource(s)
  -------------------------------------------------------------------    -------------------
    SLICE_X1Y53          FDCE                         0.000     0.000 r  lock_controller/FSM_sequential_state_reg[1]/C
    SLICE_X1Y53          FDCE (Prop_fdce_C_Q)         0.141     0.141 r  lock_controller/FSM_sequential_state_reg[1]/Q
                         net (fo=3, routed)           0.133     0.274    lock_input_debouncer/Q[1]
    SLICE_X1Y53          LUT6 (Prop_lut6_I0_O)        0.045     0.319 r  lock_input_debouncer/FSM_sequential_state[1]_i_1/O
                         net (fo=1, routed)           0.000     0.319    lock_controller/D[1]
    SLICE_X1Y53          FDCE                                         r  lock_controller/FSM_sequential_state_reg[1]/D
  -------------------------------------------------------------------    -------------------

Slack:                    inf
  Source:                 lock_input_debouncer/counter_reg[10]/C
                            (rising edge-triggered cell FDRE)
  Destination:            lock_input_debouncer/counter_reg[10]/D
  Path Group:             (none)
  Path Type:              Min at Fast Process Corner
  Data Path Delay:        0.385ns  (logic 0.252ns (65.529%)  route 0.133ns (34.471%))
  Logic Levels:           2  (CARRY4=1 FDRE=1)

    Location             Delay type                Incr(ns)  Path(ns)    Netlist Resource(s)
  -------------------------------------------------------------------    -------------------
    SLICE_X0Y53          FDRE                         0.000     0.000 r  lock_input_debouncer/counter_reg[10]/C
    SLICE_X0Y53          FDRE (Prop_fdre_C_Q)         0.141     0.141 r  lock_input_debouncer/counter_reg[10]/Q
                         net (fo=2, routed)           0.133     0.274    lock_input_debouncer/counter_reg[10]
    SLICE_X0Y53          CARRY4 (Prop_carry4_S[2]_O[2])
                                                      0.111     0.385 r  lock_input_debouncer/counter_reg[8]_i_1/O[2]
                         net (fo=1, routed)           0.000     0.385    lock_input_debouncer/counter_reg[8]_i_1_n_5
    SLICE_X0Y53          FDRE                                         r  lock_input_debouncer/counter_reg[10]/D
  -------------------------------------------------------------------    -------------------

Slack:                    inf
  Source:                 lock_input_debouncer/counter_reg[14]/C
                            (rising edge-triggered cell FDRE)
  Destination:            lock_input_debouncer/counter_reg[14]/D
  Path Group:             (none)
  Path Type:              Min at Fast Process Corner
  Data Path Delay:        0.385ns  (logic 0.252ns (65.529%)  route 0.133ns (34.471%))
  Logic Levels:           2  (CARRY4=1 FDRE=1)

    Location             Delay type                Incr(ns)  Path(ns)    Netlist Resource(s)
  -------------------------------------------------------------------    -------------------
    SLICE_X0Y54          FDRE                         0.000     0.000 r  lock_input_debouncer/counter_reg[14]/C
    SLICE_X0Y54          FDRE (Prop_fdre_C_Q)         0.141     0.141 r  lock_input_debouncer/counter_reg[14]/Q
                         net (fo=2, routed)           0.133     0.274    lock_input_debouncer/counter_reg[14]
    SLICE_X0Y54          CARRY4 (Prop_carry4_S[2]_O[2])
                                                      0.111     0.385 r  lock_input_debouncer/counter_reg[12]_i_1/O[2]
                         net (fo=1, routed)           0.000     0.385    lock_input_debouncer/counter_reg[12]_i_1_n_5
    SLICE_X0Y54          FDRE                                         r  lock_input_debouncer/counter_reg[14]/D
  -------------------------------------------------------------------    -------------------

Slack:                    inf
  Source:                 lock_input_debouncer/counter_reg[2]/C
                            (rising edge-triggered cell FDRE)
  Destination:            lock_input_debouncer/counter_reg[2]/D
  Path Group:             (none)
  Path Type:              Min at Fast Process Corner
  Data Path Delay:        0.385ns  (logic 0.252ns (65.465%)  route 0.133ns (34.535%))
  Logic Levels:           2  (CARRY4=1 FDRE=1)

    Location             Delay type                Incr(ns)  Path(ns)    Netlist Resource(s)
  -------------------------------------------------------------------    -------------------
    SLICE_X0Y51          FDRE                         0.000     0.000 r  lock_input_debouncer/counter_reg[2]/C
    SLICE_X0Y51          FDRE (Prop_fdre_C_Q)         0.141     0.141 r  lock_input_debouncer/counter_reg[2]/Q
                         net (fo=2, routed)           0.133     0.274    lock_input_debouncer/counter_reg[2]
    SLICE_X0Y51          CARRY4 (Prop_carry4_S[2]_O[2])
                                                      0.111     0.385 r  lock_input_debouncer/counter_reg[0]_i_2/O[2]
                         net (fo=1, routed)           0.000     0.385    lock_input_debouncer/counter_reg[0]_i_2_n_5
    SLICE_X0Y51          FDRE                                         r  lock_input_debouncer/counter_reg[2]/D
  -------------------------------------------------------------------    -------------------

Slack:                    inf
  Source:                 lock_input_debouncer/counter_reg[6]/C
                            (rising edge-triggered cell FDRE)
  Destination:            lock_input_debouncer/counter_reg[6]/D
  Path Group:             (none)
  Path Type:              Min at Fast Process Corner
  Data Path Delay:        0.386ns  (logic 0.252ns (65.343%)  route 0.134ns (34.657%))
  Logic Levels:           2  (CARRY4=1 FDRE=1)

    Location             Delay type                Incr(ns)  Path(ns)    Netlist Resource(s)
  -------------------------------------------------------------------    -------------------
    SLICE_X0Y52          FDRE                         0.000     0.000 r  lock_input_debouncer/counter_reg[6]/C
    SLICE_X0Y52          FDRE (Prop_fdre_C_Q)         0.141     0.141 r  lock_input_debouncer/counter_reg[6]/Q
                         net (fo=2, routed)           0.134     0.275    lock_input_debouncer/counter_reg[6]
    SLICE_X0Y52          CARRY4 (Prop_carry4_S[2]_O[2])
                                                      0.111     0.386 r  lock_input_debouncer/counter_reg[4]_i_1/O[2]
                         net (fo=1, routed)           0.000     0.386    lock_input_debouncer/counter_reg[4]_i_1_n_5
    SLICE_X0Y52          FDRE                                         r  lock_input_debouncer/counter_reg[6]/D
  -------------------------------------------------------------------    -------------------

Slack:                    inf
  Source:                 lock_input_debouncer/counter_reg[10]/C
                            (rising edge-triggered cell FDRE)
  Destination:            lock_input_debouncer/counter_reg[11]/D
  Path Group:             (none)
  Path Type:              Min at Fast Process Corner
  Data Path Delay:        0.418ns  (logic 0.285ns (68.253%)  route 0.133ns (31.747%))
  Logic Levels:           2  (CARRY4=1 FDRE=1)

    Location             Delay type                Incr(ns)  Path(ns)    Netlist Resource(s)
  -------------------------------------------------------------------    -------------------
    SLICE_X0Y53          FDRE                         0.000     0.000 r  lock_input_debouncer/counter_reg[10]/C
    SLICE_X0Y53          FDRE (Prop_fdre_C_Q)         0.141     0.141 r  lock_input_debouncer/counter_reg[10]/Q
                         net (fo=2, routed)           0.133     0.274    lock_input_debouncer/counter_reg[10]
    SLICE_X0Y53          CARRY4 (Prop_carry4_S[2]_O[3])
                                                      0.144     0.418 r  lock_input_debouncer/counter_reg[8]_i_1/O[3]
                         net (fo=1, routed)           0.000     0.418    lock_input_debouncer/counter_reg[8]_i_1_n_4
    SLICE_X0Y53          FDRE                                         r  lock_input_debouncer/counter_reg[11]/D
  -------------------------------------------------------------------    -------------------

Slack:                    inf
  Source:                 lock_input_debouncer/counter_reg[14]/C
                            (rising edge-triggered cell FDRE)
  Destination:            lock_input_debouncer/counter_reg[15]/D
  Path Group:             (none)
  Path Type:              Min at Fast Process Corner
  Data Path Delay:        0.418ns  (logic 0.285ns (68.253%)  route 0.133ns (31.747%))
  Logic Levels:           2  (CARRY4=1 FDRE=1)

    Location             Delay type                Incr(ns)  Path(ns)    Netlist Resource(s)
  -------------------------------------------------------------------    -------------------
    SLICE_X0Y54          FDRE                         0.000     0.000 r  lock_input_debouncer/counter_reg[14]/C
    SLICE_X0Y54          FDRE (Prop_fdre_C_Q)         0.141     0.141 r  lock_input_debouncer/counter_reg[14]/Q
                         net (fo=2, routed)           0.133     0.274    lock_input_debouncer/counter_reg[14]
    SLICE_X0Y54          CARRY4 (Prop_carry4_S[2]_O[3])
                                                      0.144     0.418 r  lock_input_debouncer/counter_reg[12]_i_1/O[3]
                         net (fo=1, routed)           0.000     0.418    lock_input_debouncer/counter_reg[12]_i_1_n_4
    SLICE_X0Y54          FDRE                                         r  lock_input_debouncer/counter_reg[15]/D
  -------------------------------------------------------------------    -------------------

Slack:                    inf
  Source:                 lock_input_debouncer/counter_reg[2]/C
                            (rising edge-triggered cell FDRE)
  Destination:            lock_input_debouncer/counter_reg[3]/D
  Path Group:             (none)
  Path Type:              Min at Fast Process Corner
  Data Path Delay:        0.418ns  (logic 0.285ns (68.192%)  route 0.133ns (31.808%))
  Logic Levels:           2  (CARRY4=1 FDRE=1)

    Location             Delay type                Incr(ns)  Path(ns)    Netlist Resource(s)
  -------------------------------------------------------------------    -------------------
    SLICE_X0Y51          FDRE                         0.000     0.000 r  lock_input_debouncer/counter_reg[2]/C
    SLICE_X0Y51          FDRE (Prop_fdre_C_Q)         0.141     0.141 r  lock_input_debouncer/counter_reg[2]/Q
                         net (fo=2, routed)           0.133     0.274    lock_input_debouncer/counter_reg[2]
    SLICE_X0Y51          CARRY4 (Prop_carry4_S[2]_O[3])
                                                      0.144     0.418 r  lock_input_debouncer/counter_reg[0]_i_2/O[3]
                         net (fo=1, routed)           0.000     0.418    lock_input_debouncer/counter_reg[0]_i_2_n_4
    SLICE_X0Y51          FDRE                                         r  lock_input_debouncer/counter_reg[3]/D
  -------------------------------------------------------------------    -------------------

Slack:                    inf
  Source:                 lock_input_debouncer/counter_reg[6]/C
                            (rising edge-triggered cell FDRE)
  Destination:            lock_input_debouncer/counter_reg[7]/D
  Path Group:             (none)
  Path Type:              Min at Fast Process Corner
  Data Path Delay:        0.419ns  (logic 0.285ns (68.075%)  route 0.134ns (31.925%))
  Logic Levels:           2  (CARRY4=1 FDRE=1)

    Location             Delay type                Incr(ns)  Path(ns)    Netlist Resource(s)
  -------------------------------------------------------------------    -------------------
    SLICE_X0Y52          FDRE                         0.000     0.000 r  lock_input_debouncer/counter_reg[6]/C
    SLICE_X0Y52          FDRE (Prop_fdre_C_Q)         0.141     0.141 r  lock_input_debouncer/counter_reg[6]/Q
                         net (fo=2, routed)           0.134     0.275    lock_input_debouncer/counter_reg[6]
    SLICE_X0Y52          CARRY4 (Prop_carry4_S[2]_O[3])
                                                      0.144     0.419 r  lock_input_debouncer/counter_reg[4]_i_1/O[3]
                         net (fo=1, routed)           0.000     0.419    lock_input_debouncer/counter_reg[4]_i_1_n_4
    SLICE_X0Y52          FDRE                                         r  lock_input_debouncer/counter_reg[7]/D
  -------------------------------------------------------------------    -------------------





