
*** Running vivado
    with args -log lock_controller_debounced.vds -m64 -product Vivado -mode batch -messageDb vivado.pb -notrace -source lock_controller_debounced.tcl


****** Vivado v2025.1 (64-bit)
  **** SW Build 6140274 on Wed May 21 22:58:25 MDT 2025
  **** IP Build 6138677 on Thu May 22 03:10:11 MDT 2025
  **** SharedData Build 6139179 on Tue May 20 17:58:58 MDT 2025
  **** Start of session at: Thu Sep 10 12:56:36 2026
    ** Copyright 1986-2022 Xilinx, Inc. All Rights Reserved.
    ** Copyright 2022-2025 Advanced Micro Devices, Inc. All Rights Reserved.

source lock_controller_debounced.tcl -notrace
Command: synth_design -top lock_controller_debounced -part xc7a100tcsg324-1
Starting synth_design
Attempting to get a license for feature 'Synthesis' and/or device 'xc7a100t'
INFO: [Common 17-349] Got license for feature 'Synthesis' and/or device 'xc7a100t'
INFO: [Synth 8-7079] Multithreading enabled for synth_design using a maximum of 7 processes.
INFO: [Synth 8-7078] Launching helper process for spawning children vivado processes
INFO: [Synth 8-7075] Helper process launched with PID 671350
---------------------------------------------------------------------------------
Starting Synthesize : Time (s): cpu = 00:00:02 ; elapsed = 00:00:03 . Memory (MB): peak = 1947.523 ; gain = 430.594 ; free physical = 1833 ; free virtual = 20557
---------------------------------------------------------------------------------
INFO: [Synth 8-6157] synthesizing module 'lock_controller_debounced' [/home/hryhorii.tur/edu/fpga/lab3/lock_controller/lock_controller.srcs/sources_1/new/lock_controller.sv:78]
INFO: [Synth 8-6157] synthesizing module 'debounce_filter' [/home/hryhorii.tur/edu/fpga/lab3/lock_controller/lock_controller.srcs/sources_1/new/lock_controller.sv:22]
	Parameter DIGITS_NUM bound to: 4 - type: integer 
INFO: [Synth 8-6155] done synthesizing module 'debounce_filter' (0#1) [/home/hryhorii.tur/edu/fpga/lab3/lock_controller/lock_controller.srcs/sources_1/new/lock_controller.sv:22]
INFO: [Synth 8-6157] synthesizing module 'lock_controller' [/home/hryhorii.tur/edu/fpga/lab3/lock_controller/lock_controller.srcs/sources_1/new/lock_controller.sv:42]
INFO: [Synth 8-6155] done synthesizing module 'lock_controller' (0#1) [/home/hryhorii.tur/edu/fpga/lab3/lock_controller/lock_controller.srcs/sources_1/new/lock_controller.sv:42]
INFO: [Synth 8-6155] done synthesizing module 'lock_controller_debounced' (0#1) [/home/hryhorii.tur/edu/fpga/lab3/lock_controller/lock_controller.srcs/sources_1/new/lock_controller.sv:78]
---------------------------------------------------------------------------------
Finished Synthesize : Time (s): cpu = 00:00:03 ; elapsed = 00:00:04 . Memory (MB): peak = 2020.492 ; gain = 503.562 ; free physical = 1757 ; free virtual = 20481
---------------------------------------------------------------------------------
---------------------------------------------------------------------------------
Finished Constraint Validation : Time (s): cpu = 00:00:04 ; elapsed = 00:00:04 . Memory (MB): peak = 2038.305 ; gain = 521.375 ; free physical = 1756 ; free virtual = 20479
---------------------------------------------------------------------------------
---------------------------------------------------------------------------------
Start Loading Part and Timing Information
---------------------------------------------------------------------------------
Loading part: xc7a100tcsg324-1
INFO: [Device 21-403] Loading part xc7a100tcsg324-1
---------------------------------------------------------------------------------
Finished Loading Part and Timing Information : Time (s): cpu = 00:00:04 ; elapsed = 00:00:04 . Memory (MB): peak = 2038.305 ; gain = 521.375 ; free physical = 1756 ; free virtual = 20479
---------------------------------------------------------------------------------
INFO: [Synth 8-802] inferred FSM for state register 'state_reg' in module 'lock_controller'
---------------------------------------------------------------------------------------------------
                   State |                     New Encoding |                Previous Encoding 
---------------------------------------------------------------------------------------------------
                  LOCKED |                               00 |                               00
                 WAIT_D2 |                               01 |                               01
                 WAIT_D3 |                               10 |                               10
                UNLOCKED |                               11 |                               11
---------------------------------------------------------------------------------------------------
INFO: [Synth 8-3354] encoded FSM with state register 'state_reg' using encoding 'sequential' in module 'lock_controller'
---------------------------------------------------------------------------------
Finished RTL Optimization Phase 2 : Time (s): cpu = 00:00:04 ; elapsed = 00:00:04 . Memory (MB): peak = 2047.211 ; gain = 530.281 ; free physical = 1751 ; free virtual = 20476
---------------------------------------------------------------------------------
No constraint files found.
---------------------------------------------------------------------------------
Start RTL Component Statistics 
---------------------------------------------------------------------------------
Detailed RTL Component Info : 
+---Registers : 
	                4 Bit    Registers := 1     
+---Muxes : 
	   4 Input    2 Bit        Muxes := 1     
	   2 Input    2 Bit        Muxes := 3     
	   2 Input    1 Bit        Muxes := 1     
---------------------------------------------------------------------------------
Finished RTL Component Statistics 
---------------------------------------------------------------------------------
---------------------------------------------------------------------------------
Start Part Resource Summary
---------------------------------------------------------------------------------
Part Resources:
DSPs: 240 (col length:80)
BRAMs: 270 (col length: RAMB18 80 RAMB36 40)
---------------------------------------------------------------------------------
Finished Part Resource Summary
---------------------------------------------------------------------------------
No constraint files found.
---------------------------------------------------------------------------------
Start Cross Boundary and Area Optimization
---------------------------------------------------------------------------------
WARNING: [Synth 8-7080] Parallel synthesis criteria is not met
---------------------------------------------------------------------------------
Finished Cross Boundary and Area Optimization : Time (s): cpu = 00:00:06 ; elapsed = 00:00:06 . Memory (MB): peak = 2178.148 ; gain = 661.219 ; free physical = 1623 ; free virtual = 20354
---------------------------------------------------------------------------------
No constraint files found.
---------------------------------------------------------------------------------
Start Timing Optimization
---------------------------------------------------------------------------------
---------------------------------------------------------------------------------
Finished Timing Optimization : Time (s): cpu = 00:00:06 ; elapsed = 00:00:06 . Memory (MB): peak = 2178.148 ; gain = 661.219 ; free physical = 1615 ; free virtual = 20346
---------------------------------------------------------------------------------
---------------------------------------------------------------------------------
Start Technology Mapping
---------------------------------------------------------------------------------
---------------------------------------------------------------------------------
Finished Technology Mapping : Time (s): cpu = 00:00:06 ; elapsed = 00:00:06 . Memory (MB): peak = 2178.148 ; gain = 661.219 ; free physical = 1615 ; free virtual = 20346
---------------------------------------------------------------------------------
---------------------------------------------------------------------------------
Start IO Insertion
---------------------------------------------------------------------------------
---------------------------------------------------------------------------------
Start Flattening Before IO Insertion
---------------------------------------------------------------------------------
---------------------------------------------------------------------------------
Finished Flattening Before IO Insertion
---------------------------------------------------------------------------------
---------------------------------------------------------------------------------
Start Final Netlist Cleanup
---------------------------------------------------------------------------------
---------------------------------------------------------------------------------
Finished Final Netlist Cleanup
---------------------------------------------------------------------------------
---------------------------------------------------------------------------------
Finished IO Insertion : Time (s): cpu = 00:00:08 ; elapsed = 00:00:08 . Memory (MB): peak = 2339.961 ; gain = 823.031 ; free physical = 1474 ; free virtual = 20202
---------------------------------------------------------------------------------
---------------------------------------------------------------------------------
Start Renaming Generated Instances
---------------------------------------------------------------------------------
---------------------------------------------------------------------------------
Finished Renaming Generated Instances : Time (s): cpu = 00:00:08 ; elapsed = 00:00:08 . Memory (MB): peak = 2339.961 ; gain = 823.031 ; free physical = 1474 ; free virtual = 20202
---------------------------------------------------------------------------------
---------------------------------------------------------------------------------
Start Rebuilding User Hierarchy
---------------------------------------------------------------------------------
---------------------------------------------------------------------------------
Finished Rebuilding User Hierarchy : Time (s): cpu = 00:00:08 ; elapsed = 00:00:08 . Memory (MB): peak = 2339.961 ; gain = 823.031 ; free physical = 1474 ; free virtual = 20202
---------------------------------------------------------------------------------
---------------------------------------------------------------------------------
Start Renaming Generated Ports
---------------------------------------------------------------------------------
---------------------------------------------------------------------------------
Finished Renaming Generated Ports : Time (s): cpu = 00:00:08 ; elapsed = 00:00:08 . Memory (MB): peak = 2339.961 ; gain = 823.031 ; free physical = 1474 ; free virtual = 20202
---------------------------------------------------------------------------------
---------------------------------------------------------------------------------
Start Handling Custom Attributes
---------------------------------------------------------------------------------
---------------------------------------------------------------------------------
Finished Handling Custom Attributes : Time (s): cpu = 00:00:08 ; elapsed = 00:00:08 . Memory (MB): peak = 2339.961 ; gain = 823.031 ; free physical = 1474 ; free virtual = 20202
---------------------------------------------------------------------------------
---------------------------------------------------------------------------------
Start Renaming Generated Nets
---------------------------------------------------------------------------------
---------------------------------------------------------------------------------
Finished Renaming Generated Nets : Time (s): cpu = 00:00:08 ; elapsed = 00:00:08 . Memory (MB): peak = 2339.961 ; gain = 823.031 ; free physical = 1474 ; free virtual = 20202
---------------------------------------------------------------------------------
---------------------------------------------------------------------------------
Start Writing Synthesis Report
---------------------------------------------------------------------------------

Report BlackBoxes: 
+-+--------------+----------+
| |BlackBox name |Instances |
+-+--------------+----------+
+-+--------------+----------+

Report Cell Usage: 
+------+-------+------+
|      |Cell   |Count |
+------+-------+------+
|1     |BUFG   |     1|
|2     |CARRY4 |     5|
|3     |LUT1   |     1|
|4     |LUT2   |     1|
|5     |LUT4   |     2|
|6     |LUT5   |     2|
|7     |LUT6   |     5|
|8     |FDCE   |     2|
|9     |FDRE   |    22|
|10    |IBUF   |     6|
|11    |OBUF   |     1|
+------+-------+------+

Report Instance Areas: 
+------+-----------------------+----------------+------+
|      |Instance               |Module          |Cells |
+------+-----------------------+----------------+------+
|1     |top                    |                |    48|
|2     |  lock_controller      |lock_controller |     3|
|3     |  lock_input_debouncer |debounce_filter |    37|
+------+-----------------------+----------------+------+
---------------------------------------------------------------------------------
Finished Writing Synthesis Report : Time (s): cpu = 00:00:08 ; elapsed = 00:00:08 . Memory (MB): peak = 2339.961 ; gain = 823.031 ; free physical = 1474 ; free virtual = 20202
---------------------------------------------------------------------------------
Synthesis finished with 0 errors, 0 critical warnings and 1 warnings.
Synthesis Optimization Runtime : Time (s): cpu = 00:00:08 ; elapsed = 00:00:08 . Memory (MB): peak = 2339.961 ; gain = 823.031 ; free physical = 1474 ; free virtual = 20202
Synthesis Optimization Complete : Time (s): cpu = 00:00:08 ; elapsed = 00:00:08 . Memory (MB): peak = 2339.969 ; gain = 823.031 ; free physical = 1474 ; free virtual = 20202
INFO: [Project 1-571] Translating synthesized netlist
Netlist sorting complete. Time (s): cpu = 00:00:00 ; elapsed = 00:00:00 . Memory (MB): peak = 2354.836 ; gain = 0.000 ; free physical = 1571 ; free virtual = 20300
INFO: [Netlist 29-17] Analyzing 5 Unisim elements for replacement
INFO: [Netlist 29-28] Unisim Transformation completed in 0 CPU seconds
INFO: [Project 1-570] Preparing netlist for logic optimization
INFO: [Opt 31-138] Pushed 0 inverter(s) to 0 load pin(s).
Netlist sorting complete. Time (s): cpu = 00:00:00 ; elapsed = 00:00:00 . Memory (MB): peak = 2456.430 ; gain = 0.000 ; free physical = 1489 ; free virtual = 20214
INFO: [Project 1-111] Unisim Transformation Summary:
No Unisim elements were transformed.

Synth Design complete | Checksum: d5ebf47d
INFO: [Common 17-83] Releasing license: Synthesis
20 Infos, 1 Warnings, 0 Critical Warnings and 0 Errors encountered.
synth_design completed successfully
synth_design: Time (s): cpu = 00:00:11 ; elapsed = 00:00:10 . Memory (MB): peak = 2456.465 ; gain = 939.535 ; free physical = 1498 ; free virtual = 20223
INFO: [Common 17-2834] synth_design peak Physical Memory [PSS] (MB): overall = 1666.493; main = 1666.493; forked = 0.000
INFO: [Common 17-2834] synth_design peak Virtual Memory [VSS] (MB): overall = 2456.434; main = 2456.434; forked = 0.000
Write ShapeDB Complete: Time (s): cpu = 00:00:00 ; elapsed = 00:00:00 . Memory (MB): peak = 2464.434 ; gain = 0.000 ; free physical = 1499 ; free virtual = 20223
INFO: [Common 17-1381] The checkpoint '/home/hryhorii.tur/edu/fpga/lab3/lock_controller/lock_controller.runs/synth_1/lock_controller_debounced.dcp' has been generated.
INFO: [Vivado 12-24828] Executing command : report_utilization -file lock_controller_debounced_utilization_synth.rpt -pb lock_controller_debounced_utilization_synth.pb
INFO: [Common 17-206] Exiting Vivado at Thu Sep 10 12:56:50 2026...
