********************************************************************************
* Unified simulation Tcl App stack trace dump
*
* File: .usf.tcl_error.log (Fri Sep 11 16:30:56 2026)
*
* This file is generated by the unified simulation automation and contains the
* tcl stack trace of error returned by the simulator App for the current run.
*
********************************************************************************
1
    while executing
"catch {exec chmod a+x $file} error_msg"
    (procedure "xcs_make_file_executable" line 7)
    invoked from within
"xcs_make_file_executable $shell_script_file"
    (procedure "usf_launch_script" line 12)
    invoked from within
"usf_launch_script "xsim" $step"
    (procedure "tclapp::xilinx::xsim::compile" line 13)
    invoked from within
"tclapp::xilinx::xsim::compile { -simset sim_1 -mode behavioral -run_dir /home/hryhorii.tur/edu/fpga/lab3/sin_pipelined/sin_pipelined.sim/sim_1/behav/x..."
